<html>
<body>
<pre>
<h1>µVision Build Log</h1>
<h2>Tool Versions:</h2>
IDE-Version: µVision V5.24.2.0
Copyright (C) 2017 ARM Ltd and ARM Germany GmbH. All rights reserved.
License Information: Kodey Boreo, Lawrence Technological University, LIC=----
 
Tool Versions:
Toolchain:       MDK-Lite  Version: 5.24.1
Toolchain Path:  C:\Keil_v5\ARM\ARMCC\Bin
C Compiler:      Armcc.exe V5.06 update 5 (build 528)
Assembler:       Armasm.exe V5.06 update 5 (build 528)
Linker/Locator:  ArmLink.exe V5.06 update 5 (build 528)
Library Manager: ArmAr.exe V5.06 update 5 (build 528)
Hex Converter:   FromElf.exe V5.06 update 5 (build 528)
CPU DLL:         SARMCM3.DLL V5.24.1
Dialog DLL:      DCM.DLL V1.16.0.0
Target DLL:      lmidk-agdi.dll V???
Dialog DLL:      TCM.DLL V1.32.0.0
 
<h2>Project:</h2>
C:\Users\baske\Documents\ES_Lab\ES_LAB_PROJECTS\project.uvprojx
Project File Date:  10/05/2017

<h2>Output:</h2>
*** Using Compiler 'V5.06 update 5 (build 528)', folder: 'C:\Keil_v5\ARM\ARMCC\Bin'
Rebuild target 'project'
creating preprocessor file for project.c...
assembling startup_rvmdk.S...
creating preprocessor file for LED.c...
creating preprocessor file for myGPIO.c...
creating preprocessor file for myUART.c...
compiling LED.c...
LED.c(33): warning:  #1-D: last line of file ends without a newline
  }
LED.c: 1 warning, 0 errors
creating preprocessor file for HAL_Systick.c...
compiling myGPIO.c...
myGPIO.h(13): warning:  #1295-D: Deprecated declaration setup_IO - give arg types
  void setup_IO();
myGPIO.h(14): warning:  #1-D: last line of file ends without a newline
  void pinReadAndWrite(uint32_t ui32Loop,uint8_t temp);
myGPIO.c(19): warning:  #47-D: incompatible redefinition of macro "GPIO_PORTF_DATA_R"  (declared at line 701 of ".\driverlib\../inc/tm4c123gh6pm.h")
  #define GPIO_PORTF_DATA_R       (*((volatile unsigned long *)0x400253FC))
myGPIO.c(20): warning:  #47-D: incompatible redefinition of macro "GPIO_PORTF_DIR_R"  (declared at line 702 of ".\driverlib\../inc/tm4c123gh6pm.h")
  #define GPIO_PORTF_DIR_R        (*((volatile unsigned long *)0x40025400))
myGPIO.c(21): warning:  #47-D: incompatible redefinition of macro "GPIO_PORTF_AFSEL_R"  (declared at line 710 of ".\driverlib\../inc/tm4c123gh6pm.h")
  #define GPIO_PORTF_AFSEL_R      (*((volatile unsigned long *)0x40025420))
myGPIO.c(22): warning:  #47-D: incompatible redefinition of macro "GPIO_PORTF_PUR_R"  (declared at line 715 of ".\driverlib\../inc/tm4c123gh6pm.h")
  #define GPIO_PORTF_PUR_R        (*((volatile unsigned long *)0x40025510))
myGPIO.c(23): warning:  #47-D: incompatible redefinition of macro "GPIO_PORTF_DEN_R"  (declared at line 718 of ".\driverlib\../inc/tm4c123gh6pm.h")
  #define GPIO_PORTF_DEN_R        (*((volatile unsigned long *)0x4002551C))
myGPIO.c(24): warning:  #47-D: incompatible redefinition of macro "GPIO_PORTF_LOCK_R"  (declared at line 719 of ".\driverlib\../inc/tm4c123gh6pm.h")
  #define GPIO_PORTF_LOCK_R       (*((volatile unsigned long *)0x40025520))
myGPIO.c(25): warning:  #47-D: incompatible redefinition of macro "GPIO_PORTF_CR_R"  (declared at line 720 of ".\driverlib\../inc/tm4c123gh6pm.h")
  #define GPIO_PORTF_CR_R         (*((volatile unsigned long *)0x40025524))
myGPIO.c(26): warning:  #47-D: incompatible redefinition of macro "GPIO_PORTF_AMSEL_R"  (declared at line 721 of ".\driverlib\../inc/tm4c123gh6pm.h")
  #define GPIO_PORTF_AMSEL_R      (*((volatile unsigned long *)0x40025528))
myGPIO.c(27): warning:  #47-D: incompatible redefinition of macro "GPIO_PORTF_PCTL_R"  (declared at line 722 of ".\driverlib\../inc/tm4c123gh6pm.h")
  #define GPIO_PORTF_PCTL_R       (*((volatile unsigned long *)0x4002552C))
myGPIO.c(28): warning:  #47-D: incompatible redefinition of macro "SYSCTL_RCGC2_R"  (declared at line 2059 of ".\driverlib\../inc/tm4c123gh6pm.h")
  #define SYSCTL_RCGC2_R          (*((volatile unsigned long *)0x400FE108))
myGPIO.c(138): warning:  #1-D: last line of file ends without a newline
  	
myGPIO.c: 13 warnings, 0 errors
compiling project.c...
driverlib/hibernate.h(229): warning:  #231-D: declaration is not visible outside of function
  extern void HibernateCalendarSet(struct tm *psTime);
driverlib/hibernate.h(230): warning:  #231-D: declaration is not visible outside of function
  extern int HibernateCalendarGet(struct tm *psTime);
driverlib/hibernate.h(231): warning:  #231-D: declaration is not visible outside of function
  extern void HibernateCalendarMatchSet(uint32_t ui32Index, struct tm *psTime);
driverlib/hibernate.h(232): warning:  #231-D: declaration is not visible outside of function
  extern void HibernateCalendarMatchGet(uint32_t ui32Index, struct tm *psTime);
myGPIO.h(13): warning:  #1295-D: Deprecated declaration setup_IO - give arg types
  void setup_IO();
myGPIO.h(14): warning:  #1-D: last line of file ends without a newline
  void pinReadAndWrite(uint32_t ui32Loop,uint8_t temp);
project.c(61): warning:  #223-D: function "setupPWM" declared implicitly
  				setupPWM(); //Sets up PWM
project.c(62): warning:  #223-D: function "pwmTest" declared implicitly
  				pwmTest();
project.c(67): warning:  #223-D: function "setup_UART" declared implicitly
  				setup_UART(ctemp);
project.c(100): warning:  #223-D: function "UnlockPins" declared implicitly
  	UnlockPins();	//Unlocks pins that are used so they can be inputs or outputs
project.c: 10 warnings, 0 errors
creating preprocessor file for HAL_ADC.c...
compiling myUART.c...
myUART.h(13): warning:  #1-D: last line of file ends without a newline
  void setup_UART(char ctemp);
myUART.c(60): warning:  #1-D: last line of file ends without a newline
  	}
myUART.c: 2 warnings, 0 errors
creating preprocessor file for myPWM.c...
compiling HAL_Systick.c...
compiling myPWM.c...
creating preprocessor file for Uart_helper.c...
compiling HAL_ADC.c...
HAL_ADC.c(75): warning:  #223-D: function "SysTickWait10msDN" declared implicitly
  	SysTickWait10msDN(10); //Delay Function
HAL_ADC.c: 1 warning, 0 errors
compiling Uart_helper.c...
src\Uart_helper.c(73): warning:  #1-D: last line of file ends without a newline
  // this function does the same thing as UartSetup(), but uses direct register access method
src\Uart_helper.c: 1 warning, 0 errors
linking...
Program Size: Code=8252 RO-data=1432 RW-data=8 ZI-data=312  
FromELF: creating hex file...
After Build - User command #1: fromelf --bin --output .\rvmdk\project.bin .\rvmdk\project.axf
".\rvmdk\project.axf" - 0 Error(s), 28 Warning(s).

<h2>Software Packages used:</h2>

Package Vendor: ARM
                http://www.keil.com/pack/ARM.CMSIS.5.0.1.pack
                ARM.CMSIS.5.0.1
                CMSIS (Cortex Microcontroller Software Interface Standard)
   * Component: CORE Version: 5.0.1

Package Vendor: Keil
                http://www.keil.com/pack/Keil.TM4C_DFP.1.1.0.pack
                Keil.TM4C_DFP.1.1.0
                Texas Instruments Tiva C Series Device Support and Examples

<h2>Collection of Component include folders:</h2>
  .\RTE\_project
  C:\Keil_v5\ARM\PACK\ARM\CMSIS\5.0.1\CMSIS\Include
  C:\Keil_v5\ARM\PACK\Keil\TM4C_DFP\1.1.0\Device\Include\TM4C123

<h2>Collection of Component Files used:</h2>

   * Component: ARM::CMSIS:CORE:5.0.1
Build Time Elapsed:  00:00:02
</pre>
</body>
</html>
